<html>
<body>
<pre>
<h1>µVision Build Log</h1>
<h2>Tool Versions:</h2>
IDE-Version: µVision V5.38.0.0
Copyright (C) 2022 ARM Ltd and ARM Germany GmbH. All rights reserved.
License Information: Mael Kouassi, iut cachan, LIC=----
 
Tool Versions:
Toolchain:       MDK-ARM Professional  Version: 5.38.0.0
Toolchain Path:  C:\Users\maelk\AppData\Local\Keil_v5\ARM\ARMCLANG\Bin
C Compiler:      ArmClang.exe V6.19
Assembler:       Armasm.exe V6.19
Linker/Locator:  ArmLink.exe V6.19
Library Manager: ArmAr.exe V6.19
Hex Converter:   FromElf.exe V6.19
CPU DLL:         SARMCM3.DLL V5.38.0.0
Dialog DLL:      DCM.DLL V1.17.5.0
Target DLL:      STLink\ST-LINKIII-KEIL_SWO.dll V3.1.0.0
Dialog DLL:      TCM.DLL V1.56.4.0
 
<h2>Project:</h2>
C:\Users\maelk\Documents\template_appwizard\projet_template\test.uvprojx
Project File Date:  05/20/2025

<h2>Output:</h2>
*** Using Compiler 'V6.19', folder: 'C:\Users\maelk\AppData\Local\Keil_v5\ARM\ARMCLANG\Bin'
Rebuild target 'Target 1'
compiling GUI_SingleThread.c...
compiling Resource.c...
compiling stm32746g_discovery_ts.c...
compiling Application.c...
compiling flechepetitdroite.c...
compiling ID_SCREEN_00.c...
compiling rtx_delay.c...
compiling ft5336.c...
compiling NettoOT_32_Normal_EXT_AA4.c...
compiling main.c...
compiling NettoOT_24_Normal_EXT_AA4.c...
compiling DARK_Progbar_Tile_V_Gray_16x1.c...
compiling DARK_Progbar_Tile_V_Blue_16x1.c...
compiling flechepetit.c...
compiling APPW_Language_0.c...
compiling ID_SCREEN_00_Slots.c...
compiling rtx_evflags.c...
compiling APPWConf.c...
compiling APPW_MainTask.c...
compiling stm32746g_discovery_sdram.c...
compiling LCD_X.c...
assembling irq_armv7m.S...
compiling Touch_746G_Discovery.c...
compiling rtx_evr.c...
compiling stm32746g_discovery.c...
compiling rtx_kernel.c...
compiling rtx_lib.c...
compiling rtx_memory.c...
compiling rtx_system.c...
compiling rtx_mutex.c...
compiling rtx_semaphore.c...
compiling RTX_Config.c...
compiling os_systick.c...
compiling rtx_mempool.c...
compiling rtx_timer.c...
compiling stm32f7xx_hal.c...
compiling rtx_msgqueue.c...
compiling stm32f7xx_hal_cortex.c...
compiling stm32f7xx_hal_dma.c...
compiling stm32f7xx_hal_dma_ex.c...
compiling stm32f7xx_hal_ltdc_ex.c...
compiling stm32f7xx_hal_i2c_ex.c...
compiling stm32f7xx_hal_gpio.c...
compiling stm32f7xx_hal_dma2d.c...
compiling stm32f7xx_hal_pwr.c...
compiling rtx_thread.c...
compiling stm32f7xx_hal_ltdc.c...
compiling stm32f7xx_hal_pwr_ex.c...
assembling startup_stm32f746xx.s...
compiling stm32f7xx_hal_sdram.c...
compiling stm32f7xx_hal_rcc_ex.c...
compiling stm32f7xx_hal_rcc.c...
compiling system_stm32f7xx.c...
compiling GUI_X_Touch.c...
compiling stm32f7xx_ll_fmc.c...
compiling GUIConf.c...
compiling GUI_X_RTE.c...
compiling stm32f7xx_hal_uart.c...
compiling stm32f7xx_hal_i2c.c...
compiling LCDConf.c...
linking...
Program Size: Code=184492 RO-data=65064 RW-data=2436 ZI-data=4241804  
".\Objects\test.axf" - 0 Error(s), 0 Warning(s).

<h2>Software Packages used:</h2>

Package Vendor: ARM
                https://www.keil.com/pack/ARM.CMSIS.6.1.0.pack
                ARM.CMSIS.6.1.0
                CMSIS (Common Microcontroller Software Interface Standard)
   * Component: OS Tick Version: 1.0.1
   * Component: RTOS2 Version: 2.3.0
   * Component: CORE Version: 6.1.0
   * Component: SysTick Version: 1.0.5

Package Vendor: ARM
                https://www.keil.com/pack/ARM.CMSIS-RTX.5.9.0.pack
                ARM.CMSIS-RTX.5.9.0
                RTX RTOS implementation of CMSIS-RTOS2 API
   * Component: Keil RTX5 Variant: Source Version: 5.9.0

Package Vendor: Keil
                https://www.keil.com/pack/Keil.MDK-Middleware.7.17.0.pack
                Keil.MDK-Middleware.7.17.0
                Middleware for Keil MDK-Professional and MDK-Plus
   * Component: Touchscreen Version: 1.0.1

Package Vendor: Keil
                https://www.keil.com/pack/Keil.MDK-Middleware_Graphics.1.3.1.pack
                Keil.MDK-Middleware_Graphics.1.3.1
                Middleware Graphics for Keil MDK-Professional and MDK-Plus
   * Component: emWin LCD Version: 1.1.0
   * Component: CORE Version: 6.32.3
   * Component: Touchscreen Version: 6.32.3

Package Vendor: Keil
                http://www.keil.com/pack/Keil.STM32F7xx_DFP.2.9.0.pack
                Keil.STM32F7xx_DFP.2.9.0
                STMicroelectronics STM32F7 Series Device Support, Drivers and Examples
   * Component: STM32Cube Framework Version: 1.0.0
   * Component: Basic I/O Version: 1.1.1
   * Component: SDRAM Version: 1.1.1
   * Component: Touch Screen Version: 1.1.1
   * Component: Touchscreen Version: 1.1.1
   * Component: emWin LCD Variant: RGB IF Version: 1.1.1
   * Component: Classic Version: 1.2.0
   * Component: Common Version: 1.2.0
   * Component: Cortex Version: 1.2.0
   * Component: DMA Version: 1.2.0
   * Component: DMA2D Version: 1.2.0
   * Component: GPIO Version: 1.2.0
   * Component: I2C Version: 1.2.0
   * Component: LTDC Version: 1.2.0
   * Component: PWR Version: 1.2.0
   * Component: RCC Version: 1.2.0
   * Component: SDRAM Version: 1.2.0
   * Component: UART Version: 1.2.0
   * Component: Startup Version: 1.2.0
   * Component: STM32F746G-Discovery Variant: RGB IF Version: 1.0.0

<h2>Collection of Component include folders:</h2>
  ./RTE/CMSIS
  ./RTE/Device/STM32F746NGHx
  ./RTE/_Target_1
  C:/Users/maelk/AppData/Local/Arm/Packs/ARM/CMSIS-RTX/5.9.0/Include
  C:/Users/maelk/AppData/Local/Arm/Packs/ARM/CMSIS/6.1.0/CMSIS/Core/Include
  C:/Users/maelk/AppData/Local/Arm/Packs/ARM/CMSIS/6.1.0/CMSIS/RTOS2/Include
  C:/Users/maelk/AppData/Local/Arm/Packs/Keil/MDK-Middleware/7.17.0/Board
  C:/Users/maelk/AppData/Local/Arm/Packs/Keil/MDK-Middleware_Graphics/1.3.1/emWin/Include
  C:/Users/maelk/AppData/Local/Arm/Packs/Keil/STM32F7xx_DFP/2.9.0/Drivers/BSP/STM32746G-Discovery
  C:/Users/maelk/AppData/Local/Arm/Packs/Keil/STM32F7xx_DFP/2.9.0/Drivers/CMSIS/Device/ST/STM32F7xx/Include
  C:/Users/maelk/AppData/Local/Arm/Packs/Keil/STM32F7xx_DFP/2.9.0/Drivers/STM32F7xx_HAL_Driver/Inc

<h2>Collection of Component Files used:</h2>

   * Component: ::Board Support:Touchscreen:1.0.1 (API)
      Include file:  Board/Board_Touch.h

   * Component: ::Board Support:emWin LCD:1.1.0 (API)
      Include file:  emWin/Include/LCD_X.h

   * Component: ::CMSIS:OS Tick:1.0.1 (API)
      Include file:  CMSIS/RTOS2/Include/os_tick.h

   * Component: ::CMSIS:RTOS2:2.3.0 (API)
      Include file:  CMSIS/RTOS2/Include/cmsis_os2.h

   * Component: ::Device:STM32Cube Framework:1.0.0 (API)

   * Component: ARM::CMSIS:CORE:6.1.0

   * Component: ARM::CMSIS:OS Tick:SysTick:1.0.5
      Source file:   CMSIS/RTOS2/Source/os_systick.c

   * Component: ARM::CMSIS:RTOS2:Keil RTX5:Source:5.9.0
      Source file:   Template/Thread.c
      Source file:   Source/rtx_mempool.c
      Source file:   Source/rtx_timer.c
      Source file:   Source/rtx_memory.c
      Source file:   Source/rtx_system.c
      Source file:   Source/rtx_evr.c
      Include file:  Config/RTX_Config.h
      Source file:   Template/MsgQueue.c
      Source file:   Template/MemPool.c
      Source file:   Template/Mutex.c
      Source file:   Template/Events.c
      Source file:   Template/Timer.c
      Source file:   Source/rtx_kernel.c
      Source file:   Source/rtx_thread.c
      Source file:   Template/main.c
      Source file:   Source/rtx_mutex.c
      Source file:   Source/rtx_delay.c
      Source file:   Source/rtx_msgqueue.c
      Source file:   Source/rtx_lib.c
      Source file:   Source/rtx_semaphore.c
      Source file:   Template/svc_user.c
      Include file:  Include/rtx_os.h
      Source file:   Source/rtx_evflags.c
      Source file:   Source/GCC/irq_armv7m.S
      Source file:   Template/Semaphore.c
      Source file:   Config/RTX_Config.c

   * Component: Keil.STM32F746G-Discovery::Board Support:Drivers:Basic I/O:1.1.1
      Include file:  Drivers/BSP/STM32746G-Discovery/stm32746g_discovery.h
      Source file:   Drivers/BSP/STM32746G-Discovery/stm32746g_discovery.c

   * Component: Keil.STM32F746G-Discovery::Board Support:Drivers:SDRAM:1.1.1
      Source file:   Drivers/BSP/STM32746G-Discovery/stm32746g_discovery_sdram.c
      Include file:  Drivers/BSP/STM32746G-Discovery/stm32746g_discovery_sdram.h

   * Component: Keil.STM32F746G-Discovery::Board Support:Drivers:Touch Screen:1.1.1
      Source file:   Drivers/BSP/Components/ft5336/ft5336.c
      Include file:  Drivers/BSP/STM32746G-Discovery/stm32746g_discovery_ts.h
      Source file:   Drivers/BSP/STM32746G-Discovery/stm32746g_discovery_ts.c

   * Component: Keil.STM32F746G-Discovery::Board Support:Touchscreen:1.1.1
      Source file:   MDK/Boards/ST/STM32F746G_Discovery/Common/Touch_746G_Discovery.c

   * Component: Keil.STM32F746G-Discovery::Board Support:emWin LCD:RGB IF:1.1.1
      Source file:   MDK/Boards/ST/STM32F746G_Discovery/Common/LCD_X.c

   * Component: Keil::Device:STM32Cube Framework:Classic:1.2.0
      Include file:  CMSIS/Driver/Config/RTE_Device.h
      Include file:  MDK/Templates/Inc/stm32f7xx_it.h
      Source file:   MDK/Templates/Src/stm32f7xx_hal_msp.c
      Include file:  MDK/Templates/Inc/stm32f7xx_hal_conf.h
      Source file:   MDK/Templates/Src/stm32f7xx_it.c
      Include file:  MDK/Templates/Inc/main.h
      Source file:   MDK/Templates/Src/main.c

   * Component: Keil::Device:STM32Cube HAL:Common:1.2.0
      Source file:   Drivers/STM32F7xx_HAL_Driver/Src/stm32f7xx_hal.c
      Include file:  Drivers/STM32F7xx_HAL_Driver/Inc/stm32f7xx_hal.h

   * Component: Keil::Device:STM32Cube HAL:Cortex:1.2.0
      Source file:   Drivers/STM32F7xx_HAL_Driver/Src/stm32f7xx_hal_cortex.c

   * Component: Keil::Device:STM32Cube HAL:DMA:1.2.0
      Source file:   Drivers/STM32F7xx_HAL_Driver/Src/stm32f7xx_hal_dma_ex.c
      Source file:   Drivers/STM32F7xx_HAL_Driver/Src/stm32f7xx_hal_dma.c

   * Component: Keil::Device:STM32Cube HAL:DMA2D:1.2.0
      Source file:   Drivers/STM32F7xx_HAL_Driver/Src/stm32f7xx_hal_dma2d.c

   * Component: Keil::Device:STM32Cube HAL:GPIO:1.2.0
      Source file:   Drivers/STM32F7xx_HAL_Driver/Src/stm32f7xx_hal_gpio.c

   * Component: Keil::Device:STM32Cube HAL:I2C:1.2.0
      Source file:   Drivers/STM32F7xx_HAL_Driver/Src/stm32f7xx_hal_i2c_ex.c
      Source file:   Drivers/STM32F7xx_HAL_Driver/Src/stm32f7xx_hal_i2c.c

   * Component: Keil::Device:STM32Cube HAL:LTDC:1.2.0
      Source file:   Drivers/STM32F7xx_HAL_Driver/Src/stm32f7xx_hal_ltdc.c
      Source file:   Drivers/STM32F7xx_HAL_Driver/Src/stm32f7xx_hal_ltdc_ex.c

   * Component: Keil::Device:STM32Cube HAL:PWR:1.2.0
      Source file:   Drivers/STM32F7xx_HAL_Driver/Src/stm32f7xx_hal_pwr_ex.c
      Source file:   Drivers/STM32F7xx_HAL_Driver/Src/stm32f7xx_hal_pwr.c

   * Component: Keil::Device:STM32Cube HAL:RCC:1.2.0
      Source file:   Drivers/STM32F7xx_HAL_Driver/Src/stm32f7xx_hal_rcc_ex.c
      Source file:   Drivers/STM32F7xx_HAL_Driver/Src/stm32f7xx_hal_rcc.c

   * Component: Keil::Device:STM32Cube HAL:SDRAM:1.2.0
      Source file:   Drivers/STM32F7xx_HAL_Driver/Src/stm32f7xx_hal_sdram.c
      Source file:   Drivers/STM32F7xx_HAL_Driver/Src/stm32f7xx_ll_fmc.c

   * Component: Keil::Device:STM32Cube HAL:UART:1.2.0
      Source file:   Drivers/STM32F7xx_HAL_Driver/Src/stm32f7xx_hal_uart.c

   * Component: Keil::Device:Startup:1.2.0
      Source file:   Drivers/CMSIS/Device/ST/STM32F7xx/Source/Templates/arm/startup_stm32f746xx.s
      Source file:   MDK/Device/Source/ARM/STM32F7xx_OPT.s
      Include file:  Drivers/CMSIS/Device/ST/STM32F7xx/Include/stm32f7xx.h
      Source file:   MDK/Device/Source/ARM/STM32F7xx_OTP.s
      Source file:   Drivers/CMSIS/Device/ST/STM32F7xx/Source/Templates/system_stm32f7xx.c

   * Component: Keil::Graphics Display:STM32F746G-Discovery:RGB IF:1.0.0
      Source file:   MDK/Boards/ST/STM32F746G_Discovery/Common/LCDConf.c

   * Component: Segger.MDK-Pro::Graphics:CORE:6.32.3
      Include file:  emWin/Include/GUI.h
      Source file:   emWin/Sample/Config/GUIConf.c
      Source file:   emWin/Sample/Template/RTOS2/GUI_TemplateThread.c
      Source file:   emWin/Sample/GUI_X/GUI_X_RTE.c
      Library file:  emWin/Lib/ARM/GUI_CM4F_L.lib
      Source file:   emWin/Sample/Template/RTOS2/GUI_MultiThread.c
      Source file:   emWin/Sample/Template/RTOS2/GUI_SingleThread.c

   * Component: Segger.MDK-Pro::Graphics:Input Device:Touchscreen:6.32.3
      Source file:   emWin/Sample/GUI_X/GUI_X_Touch.c
Build Time Elapsed:  00:00:03
</pre>
</body>
</html>
